---
source: common/cf-guest/src/proto.rs
expression: any.value
---
[
    10,
    32,
    0,
    0,
    0,
    24,
    0,
    0,
    0,
    24,
    0,
    0,
    0,
    24,
    0,
    0,
    0,
    24,
    0,
    0,
    0,
    24,
    0,
    0,
    0,
    24,
    0,
    0,
    0,
    24,
    0,
    0,
    0,
    24,
    16,
    8,
    24,
    128,
    128,
    136,
    186,
    144,
    173,
    205,
    4,
    34,
    32,
    0,
    0,
    0,
    11,
    0,
    0,
    0,
    11,
    0,
    0,
    0,
    11,
    0,
    0,
    0,
    11,
    0,
    0,
    0,
    11,
    0,
    0,
    0,
    11,
    0,
    0,
    0,
    11,
    0,
    0,
    0,
    11,
]
