---
source: common/cf-guest/src/proto.rs
expression: any.value
---
[
    10,
    58,
    10,
    32,
    0,
    0,
    0,
    0,
    0,
    0,
    0,
    0,
    0,
    0,
    0,
    0,
    0,
    0,
    0,
    0,
    0,
    0,
    0,
    0,
    0,
    0,
    0,
    0,
    0,
    0,
    0,
    0,
    0,
    0,
    0,
    0,
    18,
    10,
    1,
    1,
    1,
    1,
    1,
    1,
    1,
    1,
    1,
    1,
    26,
    10,
    2,
    2,
    2,
    2,
    2,
    2,
    2,
    2,
    2,
    2,
    18,
    58,
    10,
    32,
    0,
    0,
    0,
    0,
    0,
    0,
    0,
    0,
    0,
    0,
    0,
    0,
    0,
    0,
    0,
    0,
    0,
    0,
    0,
    0,
    0,
    0,
    0,
    0,
    0,
    0,
    0,
    0,
    0,
    0,
    0,
    0,
    18,
    10,
    1,
    1,
    1,
    1,
    1,
    1,
    1,
    1,
    1,
    1,
    26,
    10,
    2,
    2,
    2,
    2,
    2,
    2,
    2,
    2,
    2,
    2,
]
