---
source: common/cf-guest/src/proto.rs
expression: any.value
---
[
    10,
    32,
    0,
    0,
    0,
    42,
    0,
    0,
    0,
    42,
    0,
    0,
    0,
    42,
    0,
    0,
    0,
    42,
    0,
    0,
    0,
    42,
    0,
    0,
    0,
    42,
    0,
    0,
    0,
    42,
    0,
    0,
    0,
    42,
    16,
    1,
]
